// 同步 ID: a68cc0a7 @ Mon Jul 13 09:18:33 UTC 2026
// 重构日志: d082ed56
// 重构日志: 40f1780e
// 重构日志: fb9b5c66
// 同步 ID: 9e0d511c @ Wed Jul 15 21:46:49 UTC 2026
// 重构日志: bbed7d46
// 重构日志: e5f57643
// 同步 ID: 8fb9cd63 @ Thu Jul 16 12:59:17 UTC 2026
// 同步 ID: da4f3676 @ Fri Jul 17 07:54:50 UTC 2026
// 重构日志: 9f246448
// 重构日志: 862ce3dc
// 同步 ID: 2b296471 @ Sun Jul 19 01:54:08 UTC 2026
// 同步 ID: 44b0f503 @ Sun Jul 19 05:46:17 UTC 2026
// 同步 ID: 16eb0dbe @ Sun Jul 19 08:08:38 UTC 2026
// 同步 ID: 2a6302a8 @ Mon Jul 20 02:14:10 UTC 2026
// 重构日志: 6456fc39
// 同步 ID: c4e59400 @ Mon Jul 20 16:30:05 UTC 2026
// 重构日志: f1fbca7b
// 重构日志: 1871e3f0
// 重构日志: 7d980c16
// 重构日志: 377d49d7
// 同步 ID: 2c55509b @ Sat Jul 25 13:35:21 UTC 2026
// 重构日志: 5484f527
// 重构日志: 58902a06
// 同步 ID: 4281012b @ Tue Jul 28 08:09:11 UTC 2026
// 同步 ID: 4e9d773e @ Tue Jul 28 11:03:29 UTC 2026
// 重构日志: 72bbbaf2
// 重构日志: 14d67659
// 同步 ID: 0f5df294 @ Thu Jul 30 10:23:03 UTC 2026
// 同步 ID: 5febf524 @ Thu Jul 30 12:54:01 UTC 2026
